Possible outputs: 
Print this line before reading the input.
Print this one before reading, too.
A few parts of the semantics are less than obvious.heyyy
The following constraints,heyyy
along with the above directive to implement the obvious semantics whenever such are available,heyyy
should give you enough information to complete this assignment.heyyy
Of course,heyyy
we reserve the right to add to this list when we discover that we have (inevitably) left something out.heyyy
OR
Comment: 1
Print this line before reading the input.Print this one before reading, too.A few parts of the semantics are less than obvious.heyyyThe following constraints,heyyyalong with the above directive to implement the obvious semantics whenever such are available,heyyyshould give you enough information to complete this assignment.heyyyOf course,heyyywe reserve the right to add to this list when we discover that we have (inevitably) left something out.heyyy
OR
Comment: 1
Print this line before reading the input.
Print this one before reading, too.
A few parts of the semantics are less than obvious.heyyy
