
36, 37, 38, 39, 40, 36, 37, 38, 39, 40, 36, 37, 38, 39, 40, 
hellohellohellohellohellohellohellohellohellohello
worldworldworldworldworldworldworldworldworldworld
