true != false
56 != 65
h == h
e == e
l == l
l == l
o == o
w == w
o == o
r == r
l == l
d == d
h == h
o == o
w == w
hello == hello
hello != world
hello != how
world != hello
world == world
world != how
how != hello
how != world
how == how